---
version: 1
interactions:
- request:
    body: '{"webhook":{"url":"http://example.com"}}'
    form: {}
    headers:
      Authorization:
      - REDACTED
      Content-Type:
      - application/json
      User-Agent:
      - REDACTED
    url: https://api.easypost.com/v2/webhooks
    method: POST
  response:
    body: '{"created_at":"2024-08-02T23:14:44Z","disabled_at":null,"id":"hook_00ad86be512511ef866a090dc81d82c1","mode":"test","object":"Webhook","url":"http://example.com"}'
    headers:
      Cache-Control:
      - private, no-cache, no-store
      Content-Type:
      - application/json; charset=utf-8
      Expires:
      - "0"
      Pragma:
      - no-cache
      Referrer-Policy:
      - strict-origin-when-cross-origin
      Strict-Transport-Security:
      - max-age=31536000; includeSubDomains; preload
      X-Backend:
      - easypost
      X-Content-Type-Options:
      - nosniff
      X-Download-Options:
      - noopen
      X-Ep-Request-Uuid:
      - 4d57346d66ad6863f440b8c700374a2b
      X-Frame-Options:
      - SAMEORIGIN
      X-Node:
      - bigweb33nuq
      X-Permitted-Cross-Domain-Policies:
      - none
      X-Proxied:
      - intlb3nuq c0f5e722d1
      - extlb2nuq fa152d4755
      X-Runtime:
      - "0.193206"
      X-Version-Label:
      - easypost-202408021936-66687f8918-master
      X-Xss-Protection:
      - 1; mode=block
    status: 201 Created
    code: 201
    duration: ""
- request:
    body: '{"batch":{"shipments":[{"carrier":"USPS","carrier_accounts":["ca_e606176ddb314afe896733636dba2f3b"],"from_address":{"city":"Redondo
      Beach","country":"US","email":"REDACTED","name":"Elizabeth Swan","phone":"REDACTED","state":"CA","street1":"179
      N Harbor Dr","zip":"90277"},"parcel":{"height":4,"length":10,"weight":15.4,"width":8},"service":"GroundAdvantage","to_address":{"city":"San
      Francisco","country":"US","email":"REDACTED","name":"Jack Sparrow","phone":"REDACTED","state":"CA","street1":"388
      Townsend St","street2":"Apt 20","zip":"94107"}}]}}'
    form: {}
    headers:
      Authorization:
      - REDACTED
      Content-Type:
      - application/json
      User-Agent:
      - REDACTED
    url: https://api.easypost.com/v2/batches
    method: POST
  response:
    body: '{"created_at":"2024-08-02T23:14:44Z","id":"batch_88b47b9062474021975019748f80f763","label_url":null,"mode":"test","num_shipments":1,"object":"Batch","pickup":null,"reference":null,"scan_form":null,"shipments":[],"state":"creating","status":{"created":0,"creation_failed":0,"postage_purchase_failed":0,"postage_purchased":0,"queued_for_purchase":0},"updated_at":"2024-08-02T23:14:44Z"}'
    headers:
      Cache-Control:
      - private, no-cache, no-store
      Content-Type:
      - application/json; charset=utf-8
      Expires:
      - "0"
      Pragma:
      - no-cache
      Referrer-Policy:
      - strict-origin-when-cross-origin
      Strict-Transport-Security:
      - max-age=31536000; includeSubDomains; preload
      X-Backend:
      - easypost
      X-Content-Type-Options:
      - nosniff
      X-Download-Options:
      - noopen
      X-Ep-Request-Uuid:
      - 4d57346d66ad6864f440b8c700374a53
      X-Frame-Options:
      - SAMEORIGIN
      X-Node:
      - bigweb41nuq
      X-Permitted-Cross-Domain-Policies:
      - none
      X-Proxied:
      - intlb3nuq c0f5e722d1
      - extlb2nuq fa152d4755
      X-Runtime:
      - "0.289949"
      X-Version-Label:
      - easypost-202408021936-66687f8918-master
      X-Xss-Protection:
      - 1; mode=block
    status: 200 OK
    code: 200
    duration: ""
- request:
    body: ""
    form: {}
    headers:
      Authorization:
      - REDACTED
      User-Agent:
      - REDACTED
    url: https://api.easypost.com/v2/events?page_size=5
    method: GET
  response:
    body: '{"events":[{"created_at":"2024-08-02T23:14:44.513Z","description":"batch.updated","id":"evt_010e6ae2512511efa77e0fb5e2a08ba7","mode":"test","object":"Event","status":"pending","user_id":"user_a76997d126dd488f8ad22d52301300b0"},{"created_at":"2024-08-02T23:14:44.407Z","description":"batch.created","id":"evt_00fe29ac512511efb3647fc470164b24","mode":"test","object":"Event","status":"pending","user_id":"user_a76997d126dd488f8ad22d52301300b0"},{"created_at":"2024-08-02T23:14:42.466Z","description":"batch.created","id":"evt_ffd61954512411efb3fb0f61e66fb597","mode":"test","object":"Event","status":"pending","user_id":"user_a76997d126dd488f8ad22d52301300b0"},{"created_at":"2024-08-02T23:14:25.139Z","description":"batch.updated","id":"evt_f5821890512411ef9cbf5d205ddcdc41","mode":"test","object":"Event","status":"pending","user_id":"user_a76997d126dd488f8ad22d52301300b0"},{"created_at":"2024-08-02T23:14:25.024Z","description":"batch.created","id":"evt_f5709be2512411efa6f973fa0c1eb1de","mode":"test","object":"Event","status":"pending","user_id":"user_a76997d126dd488f8ad22d52301300b0"}],"has_more":true}'
    headers:
      Cache-Control:
      - private, no-cache, no-store
      Content-Type:
      - application/json; charset=utf-8
      Expires:
      - "0"
      Pragma:
      - no-cache
      Referrer-Policy:
      - strict-origin-when-cross-origin
      Strict-Transport-Security:
      - max-age=31536000; includeSubDomains; preload
      X-Backend:
      - easypost
      X-Content-Type-Options:
      - nosniff
      X-Download-Options:
      - noopen
      X-Ep-Request-Uuid:
      - 4d57346d66ad6869f440b8c700374d29
      X-Frame-Options:
      - SAMEORIGIN
      X-Node:
      - bigweb53nuq
      X-Permitted-Cross-Domain-Policies:
      - none
      X-Proxied:
      - intlb4nuq c0f5e722d1
      - extlb2nuq fa152d4755
      X-Runtime:
      - "0.182704"
      X-Version-Label:
      - easypost-202408021936-66687f8918-master
      X-Xss-Protection:
      - 1; mode=block
    status: 200 OK
    code: 200
    duration: ""
- request:
    body: ""
    form: {}
    headers:
      Authorization:
      - REDACTED
      User-Agent:
      - REDACTED
    url: https://api.easypost.com/v2/events/evt_010e6ae2512511efa77e0fb5e2a08ba7/payloads
    method: GET
  response:
    body: '{"payloads":[]}'
    headers:
      Cache-Control:
      - private, no-cache, no-store
      Content-Type:
      - application/json; charset=utf-8
      Expires:
      - "0"
      Pragma:
      - no-cache
      Referrer-Policy:
      - strict-origin-when-cross-origin
      Strict-Transport-Security:
      - max-age=31536000; includeSubDomains; preload
      X-Backend:
      - easypost
      X-Content-Type-Options:
      - nosniff
      X-Download-Options:
      - noopen
      X-Ep-Request-Uuid:
      - 4d57346d66ad6869f440b8c700374d52
      X-Frame-Options:
      - SAMEORIGIN
      X-Node:
      - bigweb36nuq
      X-Permitted-Cross-Domain-Policies:
      - none
      X-Proxied:
      - intlb3nuq c0f5e722d1
      - extlb2nuq fa152d4755
      X-Runtime:
      - "0.038056"
      X-Version-Label:
      - easypost-202408021936-66687f8918-master
      X-Xss-Protection:
      - 1; mode=block
    status: 200 OK
    code: 200
    duration: ""
- request:
    body: ""
    form: {}
    headers:
      Authorization:
      - REDACTED
      User-Agent:
      - REDACTED
    url: https://api.easypost.com/v2/webhooks/hook_00ad86be512511ef866a090dc81d82c1
    method: DELETE
  response:
    body: '{}'
    headers:
      Cache-Control:
      - private, no-cache, no-store
      Content-Type:
      - application/json; charset=utf-8
      Expires:
      - "0"
      Pragma:
      - no-cache
      Referrer-Policy:
      - strict-origin-when-cross-origin
      Strict-Transport-Security:
      - max-age=31536000; includeSubDomains; preload
      X-Backend:
      - easypost
      X-Content-Type-Options:
      - nosniff
      X-Download-Options:
      - noopen
      X-Ep-Request-Uuid:
      - 4d57346d66ad6869f440b8c700374d5c
      X-Frame-Options:
      - SAMEORIGIN
      X-Node:
      - bigweb36nuq
      X-Permitted-Cross-Domain-Policies:
      - none
      X-Proxied:
      - intlb3nuq c0f5e722d1
      - extlb2nuq fa152d4755
      X-Runtime:
      - "0.405030"
      X-Version-Label:
      - easypost-202408021936-66687f8918-master
      X-Xss-Protection:
      - 1; mode=block
    status: 200 OK
    code: 200
    duration: ""
