---
version: 1
interactions:
- request:
    body: '{"batch":{"shipments":[{"to_address":{"street1":"388 Townsend St","street2":"Apt
      20","city":"San Francisco","state":"CA","zip":"94107","country":"US","name":"Jack
      Sparrow","phone":"5555555555","email":"test@example.com"},"from_address":{"street1":"179
      N Harbor Dr","city":"Redondo Beach","state":"CA","zip":"90277","country":"US","name":"Elizabeth
      Swan","phone":"5555555555","email":"test@example.com"},"parcel":{"length":10,"width":8,"height":4,"weight":15.4},"carrier":"USPS","carrier_accounts":["ca_e606176ddb314afe896733636dba2f3b"]}]}}'
    form: {}
    headers:
      Authorization:
      - REDACTED
      Content-Type:
      - application/json
      User-Agent:
      - REDACTED
    url: https://api.easypost.com/v2/batches
    method: POST
  response:
    body: '{"id":"batch_d3609a222a474b59926f595a52bca19d","object":"Batch","mode":"test","state":"creating","num_shipments":1,"reference":null,"created_at":"2022-08-16T20:24:17Z","updated_at":"2022-08-16T20:24:17Z","scan_form":null,"shipments":[],"status":{"created":0,"queued_for_purchase":0,"creation_failed":0,"postage_purchased":0,"postage_purchase_failed":0},"pickup":null,"label_url":null}'
    headers:
      Cache-Control:
      - private, no-cache, no-store
      Content-Type:
      - application/json; charset=utf-8
      Etag:
      - W/"bd989fc0c98747c7e4482b3c6e76a96b"
      Expires:
      - "0"
      Pragma:
      - no-cache
      Referrer-Policy:
      - strict-origin-when-cross-origin
      Strict-Transport-Security:
      - max-age=31536000; includeSubDomains; preload
      X-Backend:
      - easypost
      X-Content-Type-Options:
      - nosniff
      X-Download-Options:
      - noopen
      X-Ep-Request-Uuid:
      - 3eb5807562fbfcf1e78a92e70001a7ac
      X-Frame-Options:
      - SAMEORIGIN
      X-Node:
      - bigweb8nuq
      X-Permitted-Cross-Domain-Policies:
      - none
      X-Proxied:
      - intlb2nuq 6aa9972c1e
      - extlb1nuq 9ce216bfac
      X-Runtime:
      - "0.041661"
      X-Version-Label:
      - easypost-202208152354-15cac62d1c-master
      X-Xss-Protection:
      - 1; mode=block
    status: 200 OK
    code: 200
    duration: ""
- request:
    body: ""
    form: {}
    headers:
      Authorization:
      - REDACTED
      User-Agent:
      - REDACTED
    url: https://api.easypost.com/v2/batches/batch_d3609a222a474b59926f595a52bca19d/buy
    method: POST
  response:
    body: '{"id":"batch_d3609a222a474b59926f595a52bca19d","object":"Batch","mode":"test","state":"created","num_shipments":1,"reference":null,"created_at":"2022-08-16T20:24:17Z","updated_at":"2022-08-16T20:24:17Z","scan_form":null,"shipments":[{"batch_status":"postage_purchase_failed","batch_message":"A
      carrier and service must be provided to purchase through a Batch.","reference":null,"tracking_code":null,"id":"shp_f79ac204c3144c31b483e6b510315849"}],"status":{"created":1,"queued_for_purchase":0,"creation_failed":0,"postage_purchased":0,"postage_purchase_failed":0},"pickup":null,"label_url":null}'
    headers:
      Cache-Control:
      - private, no-cache, no-store
      Content-Type:
      - application/json; charset=utf-8
      Etag:
      - W/"32a44029303f45d3f47fb7b4c9b2ec73"
      Expires:
      - "0"
      Pragma:
      - no-cache
      Referrer-Policy:
      - strict-origin-when-cross-origin
      Strict-Transport-Security:
      - max-age=31536000; includeSubDomains; preload
      X-Backend:
      - easypost
      X-Content-Type-Options:
      - nosniff
      X-Download-Options:
      - noopen
      X-Ep-Request-Uuid:
      - 3eb5807562fbfcf1e78a92e70001a7b5
      X-Frame-Options:
      - SAMEORIGIN
      X-Node:
      - bigweb8nuq
      X-Permitted-Cross-Domain-Policies:
      - none
      X-Proxied:
      - intlb1nuq 6aa9972c1e
      - extlb1nuq 9ce216bfac
      X-Runtime:
      - "0.127895"
      X-Version-Label:
      - easypost-202208152354-15cac62d1c-master
      X-Xss-Protection:
      - 1; mode=block
    status: 200 OK
    code: 200
    duration: ""
- request:
    body: file_format=ZPL
    form:
      file_format:
      - ZPL
    headers:
      Authorization:
      - REDACTED
      Content-Type:
      - application/x-www-form-urlencoded
      User-Agent:
      - REDACTED
    url: https://api.easypost.com/v2/batches/batch_d3609a222a474b59926f595a52bca19d/label
    method: POST
  response:
    body: '{"error":{"code":"BATCH.STATE.NOT_PURCHASED","message":"One or more of
      the shipments is not purchased.","errors":[]}}'
    headers:
      Cache-Control:
      - private, no-cache, no-store
      Content-Type:
      - application/json; charset=utf-8
      Expires:
      - "0"
      Pragma:
      - no-cache
      Referrer-Policy:
      - strict-origin-when-cross-origin
      Strict-Transport-Security:
      - max-age=31536000; includeSubDomains; preload
      X-Backend:
      - easypost
      X-Content-Type-Options:
      - nosniff
      X-Download-Options:
      - noopen
      X-Ep-Request-Uuid:
      - 3eb5807562fbfcf6e78a92e70001a913
      X-Frame-Options:
      - SAMEORIGIN
      X-Node:
      - bigweb8nuq
      X-Permitted-Cross-Domain-Policies:
      - none
      X-Proxied:
      - intlb2nuq 6aa9972c1e
      - extlb1nuq 9ce216bfac
      X-Runtime:
      - "0.021054"
      X-Version-Label:
      - easypost-202208152354-15cac62d1c-master
      X-Xss-Protection:
      - 1; mode=block
    status: 422 Unprocessable Entity
    code: 422
    duration: ""
