---
version: 1
interactions:
- request:
    body: '{"webhook":{"url":"http://example.com"}}'
    form: {}
    headers:
      Authorization:
      - REDACTED
      Content-Type:
      - application/json
      User-Agent:
      - REDACTED
    url: https://api.easypost.com/v2/webhooks
    method: POST
  response:
    body: '{"created_at":"2022-09-20T23:29:43Z","disabled_at":null,"id":"hook_1abe0554393c11ed832e05728a1ba618","mode":"test","object":"Webhook","url":"http://example.com"}'
    headers:
      Cache-Control:
      - private, no-cache, no-store
      Content-Type:
      - application/json; charset=utf-8
      Etag:
      - W/"9a0322b768c3fa9bdb458c6b65c0bd44"
      Expires:
      - "0"
      Pragma:
      - no-cache
      Referrer-Policy:
      - strict-origin-when-cross-origin
      Strict-Transport-Security:
      - max-age=31536000; includeSubDomains; preload
      X-Backend:
      - easypost
      X-Content-Type-Options:
      - nosniff
      X-Download-Options:
      - noopen
      X-Ep-Request-Uuid:
      - 924e0c20632a4ce6ec8cdb430010983c
      X-Frame-Options:
      - SAMEORIGIN
      X-Node:
      - bigweb9nuq
      X-Permitted-Cross-Domain-Policies:
      - none
      X-Proxied:
      - intlb2nuq 29913d444b
      - intlb1wdc 29913d444b
      - extlb4wdc 29913d444b
      X-Runtime:
      - "0.156133"
      X-Version-Label:
      - easypost-202209201859-4397aee39f-master
      X-Xss-Protection:
      - 1; mode=block
    status: 201 Created
    code: 201
    duration: ""
- request:
    body: ""
    form: {}
    headers:
      Authorization:
      - REDACTED
      User-Agent:
      - REDACTED
    url: https://api.easypost.com/v2/webhooks/hook_1abe0554393c11ed832e05728a1ba618
    method: GET
  response:
    body: '{"created_at":"2022-09-20T23:29:43Z","disabled_at":null,"id":"hook_1abe0554393c11ed832e05728a1ba618","mode":"test","object":"Webhook","url":"http://example.com"}'
    headers:
      Cache-Control:
      - private, no-cache, no-store
      Content-Type:
      - application/json; charset=utf-8
      Etag:
      - W/"9a0322b768c3fa9bdb458c6b65c0bd44"
      Expires:
      - "0"
      Pragma:
      - no-cache
      Referrer-Policy:
      - strict-origin-when-cross-origin
      Strict-Transport-Security:
      - max-age=31536000; includeSubDomains; preload
      X-Backend:
      - easypost
      X-Content-Type-Options:
      - nosniff
      X-Download-Options:
      - noopen
      X-Ep-Request-Uuid:
      - 924e0c20632a4ce7ec8cdb4300109864
      X-Frame-Options:
      - SAMEORIGIN
      X-Node:
      - bigweb6nuq
      X-Permitted-Cross-Domain-Policies:
      - none
      X-Proxied:
      - intlb2nuq 29913d444b
      - intlb1wdc 29913d444b
      - extlb4wdc 29913d444b
      X-Runtime:
      - "0.029601"
      X-Version-Label:
      - easypost-202209201859-4397aee39f-master
      X-Xss-Protection:
      - 1; mode=block
    status: 200 OK
    code: 200
    duration: ""
- request:
    body: ""
    form: {}
    headers:
      Authorization:
      - REDACTED
      User-Agent:
      - REDACTED
    url: https://api.easypost.com/v2/webhooks/hook_1abe0554393c11ed832e05728a1ba618
    method: DELETE
  response:
    body: '{}'
    headers:
      Cache-Control:
      - private, no-cache, no-store
      Content-Type:
      - application/json; charset=utf-8
      Etag:
      - W/"44136fa355b3678a1146ad16f7e8649e"
      Expires:
      - "0"
      Pragma:
      - no-cache
      Referrer-Policy:
      - strict-origin-when-cross-origin
      Strict-Transport-Security:
      - max-age=31536000; includeSubDomains; preload
      X-Backend:
      - easypost
      X-Content-Type-Options:
      - nosniff
      X-Download-Options:
      - noopen
      X-Ep-Request-Uuid:
      - 924e0c20632a4ce7ec8cdb4300109871
      X-Frame-Options:
      - SAMEORIGIN
      X-Node:
      - bigweb1nuq
      X-Permitted-Cross-Domain-Policies:
      - none
      X-Proxied:
      - intlb2nuq 29913d444b
      - intlb1wdc 29913d444b
      - extlb4wdc 29913d444b
      X-Runtime:
      - "0.433188"
      X-Version-Label:
      - easypost-202209201859-4397aee39f-master
      X-Xss-Protection:
      - 1; mode=block
    status: 200 OK
    code: 200
    duration: ""
