---
version: 1
interactions:
- request:
    body: '{"address":{"city":"San Francisco","country":"US","email":"REDACTED","name":"Jack
      Sparrow","phone":"REDACTED","state":"CA","street1":"388 Townsend St","street2":"Apt
      20","zip":"94107"}}'
    form: {}
    headers:
      Authorization:
      - REDACTED
      Content-Type:
      - application/json
      User-Agent:
      - REDACTED
    url: https://api.easypost.com/v2/addresses
    method: POST
  response:
    body: '{"carrier_facility":null,"city":"San Francisco","company":null,"country":"US","created_at":"2022-09-21T20:43:10+00:00","email":"REDACTED","federal_tax_id":null,"id":"adr_015e443739ee11ed95ddac1f6bc7b362","mode":"test","name":"Jack
      Sparrow","object":"Address","phone":"REDACTED","residential":null,"state":"CA","state_tax_id":null,"street1":"388
      Townsend St","street2":"Apt 20","updated_at":"2022-09-21T20:43:10+00:00","verifications":{},"zip":"94107"}'
    headers:
      Cache-Control:
      - private, no-cache, no-store
      Content-Type:
      - application/json; charset=utf-8
      Etag:
      - W/"ddeec2e729086694d64334044ede060c"
      Expires:
      - "0"
      Location:
      - /api/v2/addresses/adr_015e443739ee11ed95ddac1f6bc7b362
      Pragma:
      - no-cache
      Referrer-Policy:
      - strict-origin-when-cross-origin
      Strict-Transport-Security:
      - max-age=31536000; includeSubDomains; preload
      X-Backend:
      - easypost
      X-Content-Type-Options:
      - nosniff
      X-Download-Options:
      - noopen
      X-Ep-Request-Uuid:
      - ece79f35632b775eecc3c2270002f6fc
      X-Frame-Options:
      - SAMEORIGIN
      X-Node:
      - bigweb6nuq
      X-Permitted-Cross-Domain-Policies:
      - none
      X-Proxied:
      - intlb1nuq 29913d444b
      - extlb1nuq 29913d444b
      X-Runtime:
      - "0.032635"
      X-Version-Label:
      - easypost-202209212025-b1bc460ca8-master
      X-Xss-Protection:
      - 1; mode=block
    status: 201 Created
    code: 201
    duration: ""
- request:
    body: '{"address":{"city":"Redondo Beach","country":"US","email":"REDACTED","name":"Elizabeth
      Swan","phone":"REDACTED","state":"CA","street1":"179 N Harbor Dr","zip":"90277"}}'
    form: {}
    headers:
      Authorization:
      - REDACTED
      Content-Type:
      - application/json
      User-Agent:
      - REDACTED
    url: https://api.easypost.com/v2/addresses
    method: POST
  response:
    body: '{"carrier_facility":null,"city":"Redondo Beach","company":null,"country":"US","created_at":"2022-09-21T20:43:10+00:00","email":"REDACTED","federal_tax_id":null,"id":"adr_016a56c239ee11ed95edac1f6bc7b362","mode":"test","name":"Elizabeth
      Swan","object":"Address","phone":"REDACTED","residential":null,"state":"CA","state_tax_id":null,"street1":"179
      N Harbor Dr","street2":null,"updated_at":"2022-09-21T20:43:10+00:00","verifications":{},"zip":"90277"}'
    headers:
      Cache-Control:
      - private, no-cache, no-store
      Content-Type:
      - application/json; charset=utf-8
      Etag:
      - W/"5bc5aed4e7b6ccb14edf1c4330d9e0c9"
      Expires:
      - "0"
      Location:
      - /api/v2/addresses/adr_016a56c239ee11ed95edac1f6bc7b362
      Pragma:
      - no-cache
      Referrer-Policy:
      - strict-origin-when-cross-origin
      Strict-Transport-Security:
      - max-age=31536000; includeSubDomains; preload
      X-Backend:
      - easypost
      X-Content-Type-Options:
      - nosniff
      X-Download-Options:
      - noopen
      X-Ep-Request-Uuid:
      - ece79f35632b775eecc3c2270002f703
      X-Frame-Options:
      - SAMEORIGIN
      X-Node:
      - bigweb4nuq
      X-Permitted-Cross-Domain-Policies:
      - none
      X-Proxied:
      - intlb2nuq 29913d444b
      - extlb1nuq 29913d444b
      X-Runtime:
      - "0.033330"
      X-Version-Label:
      - easypost-202209212025-b1bc460ca8-master
      X-Xss-Protection:
      - 1; mode=block
    status: 201 Created
    code: 201
    duration: ""
- request:
    body: '{"parcel":{"height":4,"length":10,"weight":15.4,"width":8}}'
    form: {}
    headers:
      Authorization:
      - REDACTED
      Content-Type:
      - application/json
      User-Agent:
      - REDACTED
    url: https://api.easypost.com/v2/parcels
    method: POST
  response:
    body: '{"created_at":"2022-09-21T20:43:10Z","height":4,"id":"prcl_d9d31d8f9e97425baad68b73850f99b7","length":10,"mode":"test","object":"Parcel","predefined_package":null,"updated_at":"2022-09-21T20:43:10Z","weight":15.4,"width":8}'
    headers:
      Cache-Control:
      - private, no-cache, no-store
      Content-Type:
      - application/json; charset=utf-8
      Etag:
      - W/"c475466e33fe8e5d9c721cbd66131a1b"
      Expires:
      - "0"
      Location:
      - /api/v2/parcels.prcl_d9d31d8f9e97425baad68b73850f99b7
      Pragma:
      - no-cache
      Referrer-Policy:
      - strict-origin-when-cross-origin
      Strict-Transport-Security:
      - max-age=31536000; includeSubDomains; preload
      X-Backend:
      - easypost
      X-Content-Type-Options:
      - nosniff
      X-Download-Options:
      - noopen
      X-Ep-Request-Uuid:
      - ece79f35632b775eecc3c2270002f717
      X-Frame-Options:
      - SAMEORIGIN
      X-Node:
      - bigweb1nuq
      X-Permitted-Cross-Domain-Policies:
      - none
      X-Proxied:
      - intlb1nuq 29913d444b
      - extlb1nuq 29913d444b
      X-Runtime:
      - "0.033448"
      X-Version-Label:
      - easypost-202209212025-b1bc460ca8-master
      X-Xss-Protection:
      - 1; mode=block
    status: 201 Created
    code: 201
    duration: ""
- request:
    body: '{"shipment":{"from_address":{"id":"adr_015e443739ee11ed95ddac1f6bc7b362"},"parcel":{"id":"prcl_d9d31d8f9e97425baad68b73850f99b7"},"to_address":{"id":"adr_016a56c239ee11ed95edac1f6bc7b362"}}}'
    form: {}
    headers:
      Authorization:
      - REDACTED
      Content-Type:
      - application/json
      User-Agent:
      - REDACTED
    url: https://api.easypost.com/v2/shipments
    method: POST
  response:
    body: '{"batch_id":null,"batch_message":null,"batch_status":null,"buyer_address":{"carrier_facility":null,"city":"Redondo
      Beach","company":null,"country":"US","created_at":"2022-09-21T20:43:10+00:00","email":"REDACTED","federal_tax_id":null,"id":"adr_016a56c239ee11ed95edac1f6bc7b362","mode":"test","name":"Elizabeth
      Swan","object":"Address","phone":"REDACTED","residential":null,"state":"CA","state_tax_id":null,"street1":"179
      N Harbor Dr","street2":null,"updated_at":"2022-09-21T20:43:10+00:00","verifications":{},"zip":"90277"},"created_at":"2022-09-21T20:43:11Z","customs_info":null,"fees":[],"forms":[],"from_address":{"carrier_facility":null,"city":"San
      Francisco","company":null,"country":"US","created_at":"2022-09-21T20:43:10+00:00","email":"REDACTED","federal_tax_id":null,"id":"adr_015e443739ee11ed95ddac1f6bc7b362","mode":"test","name":"Jack
      Sparrow","object":"Address","phone":"REDACTED","residential":null,"state":"CA","state_tax_id":null,"street1":"388
      Townsend St","street2":"Apt 20","updated_at":"2022-09-21T20:43:10+00:00","verifications":{},"zip":"94107"},"id":"shp_f69bbbac244d4c6c812771c4bd4b71c7","insurance":null,"is_return":false,"messages":[{"carrier":"DhlEcs","carrier_account_id":"ca_1fefcb0d0a9f4e5db5e5a1c360958484","message":"Unauthorized.
      Please check credentials and try again","type":"rate_error"}],"mode":"test","object":"Shipment","options":{"currency":"USD","date_advance":0,"payment":{"type":"SENDER"}},"order_id":null,"parcel":{"created_at":"2022-09-21T20:43:10Z","height":4,"id":"prcl_d9d31d8f9e97425baad68b73850f99b7","length":10,"mode":"test","object":"Parcel","predefined_package":null,"updated_at":"2022-09-21T20:43:10Z","weight":15.4,"width":8},"postage_label":null,"rates":[{"billing_type":"easypost","carrier":"USPS","carrier_account_id":"ca_e606176ddb314afe896733636dba2f3b","created_at":"2022-09-21T20:43:11Z","currency":"USD","delivery_date":null,"delivery_date_guaranteed":false,"delivery_days":null,"est_delivery_days":null,"id":"rate_6bbbcf0d49bc4d938c33584751b26d72","list_currency":"USD","list_rate":"29.50","mode":"test","object":"Rate","rate":"29.50","retail_currency":"USD","retail_rate":"33.55","service":"Express","shipment_id":"shp_f69bbbac244d4c6c812771c4bd4b71c7","updated_at":"2022-09-21T20:43:11Z"},{"billing_type":"easypost","carrier":"USPS","carrier_account_id":"ca_e606176ddb314afe896733636dba2f3b","created_at":"2022-09-21T20:43:11Z","currency":"USD","delivery_date":null,"delivery_date_guaranteed":false,"delivery_days":5,"est_delivery_days":5,"id":"rate_23fa39708f1746008e76386e596f8103","list_currency":"USD","list_rate":"7.75","mode":"test","object":"Rate","rate":"7.75","retail_currency":"USD","retail_rate":"7.75","service":"ParcelSelect","shipment_id":"shp_f69bbbac244d4c6c812771c4bd4b71c7","updated_at":"2022-09-21T20:43:11Z"},{"billing_type":"easypost","carrier":"USPS","carrier_account_id":"ca_e606176ddb314afe896733636dba2f3b","created_at":"2022-09-21T20:43:11Z","currency":"USD","delivery_date":null,"delivery_date_guaranteed":false,"delivery_days":2,"est_delivery_days":2,"id":"rate_b1205b266ede4d358fc8a4e0e61951bb","list_currency":"USD","list_rate":"7.90","mode":"test","object":"Rate","rate":"7.90","retail_currency":"USD","retail_rate":"9.45","service":"Priority","shipment_id":"shp_f69bbbac244d4c6c812771c4bd4b71c7","updated_at":"2022-09-21T20:43:11Z"},{"billing_type":"easypost","carrier":"USPS","carrier_account_id":"ca_e606176ddb314afe896733636dba2f3b","created_at":"2022-09-21T20:43:11Z","currency":"USD","delivery_date":null,"delivery_date_guaranteed":false,"delivery_days":3,"est_delivery_days":3,"id":"rate_d7a3bbbedbd945488a7088ac920873ab","list_currency":"USD","list_rate":"5.57","mode":"test","object":"Rate","rate":"5.57","retail_currency":"USD","retail_rate":"5.57","service":"First","shipment_id":"shp_f69bbbac244d4c6c812771c4bd4b71c7","updated_at":"2022-09-21T20:43:11Z"}],"reference":null,"refund_status":null,"return_address":{"carrier_facility":null,"city":"San
      Francisco","company":null,"country":"US","created_at":"2022-09-21T20:43:10+00:00","email":"REDACTED","federal_tax_id":null,"id":"adr_015e443739ee11ed95ddac1f6bc7b362","mode":"test","name":"Jack
      Sparrow","object":"Address","phone":"REDACTED","residential":null,"state":"CA","state_tax_id":null,"street1":"388
      Townsend St","street2":"Apt 20","updated_at":"2022-09-21T20:43:10+00:00","verifications":{},"zip":"94107"},"scan_form":null,"selected_rate":null,"status":"unknown","to_address":{"carrier_facility":null,"city":"Redondo
      Beach","company":null,"country":"US","created_at":"2022-09-21T20:43:10+00:00","email":"REDACTED","federal_tax_id":null,"id":"adr_016a56c239ee11ed95edac1f6bc7b362","mode":"test","name":"Elizabeth
      Swan","object":"Address","phone":"REDACTED","residential":null,"state":"CA","state_tax_id":null,"street1":"179
      N Harbor Dr","street2":null,"updated_at":"2022-09-21T20:43:10+00:00","verifications":{},"zip":"90277"},"tracker":null,"tracking_code":null,"updated_at":"2022-09-21T20:43:11Z","usps_zone":4}'
    headers:
      Cache-Control:
      - private, no-cache, no-store
      Content-Type:
      - application/json; charset=utf-8
      Etag:
      - W/"0d9da119c4c19a63e9c040e9683d5582"
      Expires:
      - "0"
      Location:
      - /api/v2/shipments/shp_f69bbbac244d4c6c812771c4bd4b71c7
      Pragma:
      - no-cache
      Referrer-Policy:
      - strict-origin-when-cross-origin
      Strict-Transport-Security:
      - max-age=31536000; includeSubDomains; preload
      X-Backend:
      - easypost
      X-Content-Type-Options:
      - nosniff
      X-Download-Options:
      - noopen
      X-Ep-Request-Uuid:
      - ece79f35632b775fecc3c2270002f72b
      X-Frame-Options:
      - SAMEORIGIN
      X-Node:
      - bigweb3nuq
      X-Permitted-Cross-Domain-Policies:
      - none
      X-Proxied:
      - intlb1nuq 29913d444b
      - extlb1nuq 29913d444b
      X-Runtime:
      - "0.593889"
      X-Version-Label:
      - easypost-202209212025-b1bc460ca8-master
      X-Xss-Protection:
      - 1; mode=block
    status: 201 Created
    code: 201
    duration: ""
