---
version: 1
interactions:
- request:
    body: '{"webhook":{"url":"http://example.com"}}'
    form: {}
    headers:
      Content-Type:
      - application/json
      User-Agent:
      - EasyPost/v2 GoClient/2.0.1 Go/go1.17.5 OS/darwin
    url: https://api.easypost.com/v2/webhooks
    method: POST
  response:
    body: '{"id":"hook_7b5d8e089b2511ec820c35f2b2752bda","object":"Webhook","mode":"test","url":"http://example.com","created_at":"2022-03-03T19:09:43Z","disabled_at":null}'
    headers:
      Cache-Control:
      - no-cache, no-store
      Content-Type:
      - application/json; charset=utf-8
      Etag:
      - W/"59d41f64763ac1befe3264a485ab5f2e"
      Expires:
      - "0"
      Pragma:
      - no-cache
      Referrer-Policy:
      - strict-origin-when-cross-origin
      Strict-Transport-Security:
      - max-age=31536000; includeSubDomains; preload
      X-Backend:
      - easypost
      X-Content-Type-Options:
      - nosniff
      X-Download-Options:
      - noopen
      X-Ep-Request-Uuid:
      - 9cb90d0e62211276ff135a20001f2d2b
      X-Frame-Options:
      - SAMEORIGIN
      X-Node:
      - bigweb4nuq
      X-Permitted-Cross-Domain-Policies:
      - none
      X-Proxied:
      - intlb1nuq 88c34981dc
      - intlb1wdc 88c34981dc
      - extlb1wdc 88c34981dc
      X-Request-Id:
      - e4b6d34d-3640-449f-b2cc-80e285a0fbf8
      X-Runtime:
      - "0.115219"
      X-Version-Label:
      - easypost-202203031834-4b65a7cdf4-master
      X-Xss-Protection:
      - 1; mode=block
    status: 201 Created
    code: 201
    duration: ""
- request:
    body: ""
    form: {}
    headers:
      User-Agent:
      - EasyPost/v2 GoClient/2.0.1 Go/go1.17.5 OS/darwin
    url: https://api.easypost.com/v2/webhooks/hook_7b5d8e089b2511ec820c35f2b2752bda
    method: GET
  response:
    body: '{"id":"hook_7b5d8e089b2511ec820c35f2b2752bda","object":"Webhook","mode":"test","url":"http://example.com","created_at":"2022-03-03T19:09:43Z","disabled_at":null}'
    headers:
      Cache-Control:
      - no-cache, no-store
      Content-Type:
      - application/json; charset=utf-8
      Etag:
      - W/"59d41f64763ac1befe3264a485ab5f2e"
      Expires:
      - "0"
      Pragma:
      - no-cache
      Referrer-Policy:
      - strict-origin-when-cross-origin
      Strict-Transport-Security:
      - max-age=31536000; includeSubDomains; preload
      X-Backend:
      - easypost
      X-Content-Type-Options:
      - nosniff
      X-Download-Options:
      - noopen
      X-Ep-Request-Uuid:
      - 9cb90d0e62211276ff135a20001f2d3e
      X-Frame-Options:
      - SAMEORIGIN
      X-Node:
      - bigweb5nuq
      X-Permitted-Cross-Domain-Policies:
      - none
      X-Proxied:
      - intlb2nuq 88c34981dc
      - intlb2wdc 88c34981dc
      - extlb1wdc 88c34981dc
      X-Request-Id:
      - dbcc3ec5-c078-4879-bc2d-405c26ca7be6
      X-Runtime:
      - "0.025119"
      X-Version-Label:
      - easypost-202203031834-4b65a7cdf4-master
      X-Xss-Protection:
      - 1; mode=block
    status: 200 OK
    code: 200
    duration: ""
- request:
    body: ""
    form: {}
    headers:
      User-Agent:
      - EasyPost/v2 GoClient/2.0.1 Go/go1.17.5 OS/darwin
    url: https://api.easypost.com/v2/webhooks/hook_7b5d8e089b2511ec820c35f2b2752bda
    method: DELETE
  response:
    body: '{}'
    headers:
      Cache-Control:
      - no-cache, no-store
      Content-Type:
      - application/json; charset=utf-8
      Etag:
      - W/"44136fa355b3678a1146ad16f7e8649e"
      Expires:
      - "0"
      Pragma:
      - no-cache
      Referrer-Policy:
      - strict-origin-when-cross-origin
      Strict-Transport-Security:
      - max-age=31536000; includeSubDomains; preload
      X-Backend:
      - easypost
      X-Content-Type-Options:
      - nosniff
      X-Download-Options:
      - noopen
      X-Ep-Request-Uuid:
      - 9cb90d0e62211277ff135a20001f2d4a
      X-Frame-Options:
      - SAMEORIGIN
      X-Node:
      - bigweb9nuq
      X-Permitted-Cross-Domain-Policies:
      - none
      X-Proxied:
      - intlb2nuq 88c34981dc
      - intlb2wdc 88c34981dc
      - extlb1wdc 88c34981dc
      X-Request-Id:
      - 5bbee516-41aa-480d-8e77-b1b3d144708d
      X-Runtime:
      - "0.352239"
      X-Version-Label:
      - easypost-202203031834-4b65a7cdf4-master
      X-Xss-Protection:
      - 1; mode=block
    status: 200 OK
    code: 200
    duration: ""
