---
version: 1
interactions:
- request:
    body: '{"carrier_account":{"credentials":{},"test_credentials":{},"type":"DhlEcsAccount"}}'
    form: {}
    headers:
      Authorization:
      - REDACTED
      Content-Type:
      - application/json
      User-Agent:
      - REDACTED
    url: https://api.easypost.com/v2/carrier_accounts
    method: POST
  response:
    body: '{"billing_type":"carrier","clone":false,"created_at":"2025-05-23T20:12:46Z","credentials":{},"description":"DHL
      eCommerce Account","fields":{},"id":"ca_88bef94e6a394ffdbe5565527920b72e","logo":null,"object":"CarrierAccount","readable":"DHL
      eCommerce","reference":null,"test_credentials":{},"type":"DhlEcsAccount","updated_at":"2025-05-23T20:12:46Z"}'
    headers:
      Cache-Control:
      - private, no-cache, no-store
      Content-Type:
      - application/json; charset=utf-8
      Expires:
      - "0"
      Pragma:
      - no-cache
      Referrer-Policy:
      - strict-origin-when-cross-origin
      Strict-Transport-Security:
      - max-age=31536000; includeSubDomains; preload
      X-Backend:
      - easypost
      X-Content-Type-Options:
      - nosniff
      X-Download-Options:
      - noopen
      X-Ep-Request-Uuid:
      - 6ae239336830d6bee787d5c8009928de
      X-Frame-Options:
      - SAMEORIGIN
      X-Node:
      - bigweb53nuq
      X-Permitted-Cross-Domain-Policies:
      - none
      X-Proxied:
      - intlb4nuq 668d3fc830
      - extlb2nuq 99aac35317
      X-Runtime:
      - "0.067337"
      X-Version-Label:
      - easypost-202505231841-d89645a184-master
      X-Xss-Protection:
      - 1; mode=block
    status: 201 Created
    code: 201
    duration: ""
- request:
    body: ""
    form: {}
    headers:
      Authorization:
      - REDACTED
      User-Agent:
      - REDACTED
    url: https://api.easypost.com/v2/carrier_accounts/ca_88bef94e6a394ffdbe5565527920b72e
    method: GET
  response:
    body: '{"billing_type":"carrier","clone":false,"created_at":"2025-05-23T20:12:46Z","credentials":{},"description":"DHL
      eCommerce Account","fields":{},"id":"ca_88bef94e6a394ffdbe5565527920b72e","logo":null,"object":"CarrierAccount","readable":"DHL
      eCommerce","reference":null,"test_credentials":{},"type":"DhlEcsAccount","updated_at":"2025-05-23T20:12:46Z"}'
    headers:
      Cache-Control:
      - private, no-cache, no-store
      Content-Type:
      - application/json; charset=utf-8
      Expires:
      - "0"
      Pragma:
      - no-cache
      Referrer-Policy:
      - strict-origin-when-cross-origin
      Strict-Transport-Security:
      - max-age=31536000; includeSubDomains; preload
      X-Backend:
      - easypost
      X-Canary:
      - direct
      X-Content-Type-Options:
      - nosniff
      X-Download-Options:
      - noopen
      X-Ep-Request-Uuid:
      - 6ae239336830d6bee787d5c800992918
      X-Frame-Options:
      - SAMEORIGIN
      X-Node:
      - bigweb43nuq
      X-Permitted-Cross-Domain-Policies:
      - none
      X-Proxied:
      - intlb3nuq 668d3fc830
      - extlb2nuq 99aac35317
      X-Runtime:
      - "0.030499"
      X-Version-Label:
      - easypost-202505231841-d89645a184-master
      X-Xss-Protection:
      - 1; mode=block
    status: 200 OK
    code: 200
    duration: ""
- request:
    body: '{"carrier_account":{"description":"My custom description","id":"ca_88bef94e6a394ffdbe5565527920b72e"}}'
    form: {}
    headers:
      Authorization:
      - REDACTED
      Content-Type:
      - application/json
      User-Agent:
      - REDACTED
    url: https://api.easypost.com/v2/carrier_accounts/ca_88bef94e6a394ffdbe5565527920b72e
    method: PATCH
  response:
    body: '{"billing_type":"carrier","clone":false,"created_at":"2025-05-23T20:12:46Z","credentials":{},"description":"My
      custom description","fields":{},"id":"ca_88bef94e6a394ffdbe5565527920b72e","logo":null,"object":"CarrierAccount","readable":"DHL
      eCommerce","reference":null,"test_credentials":{},"type":"DhlEcsAccount","updated_at":"2025-05-23T20:12:46Z"}'
    headers:
      Cache-Control:
      - private, no-cache, no-store
      Content-Type:
      - application/json; charset=utf-8
      Expires:
      - "0"
      Pragma:
      - no-cache
      Referrer-Policy:
      - strict-origin-when-cross-origin
      Strict-Transport-Security:
      - max-age=31536000; includeSubDomains; preload
      X-Backend:
      - easypost
      X-Content-Type-Options:
      - nosniff
      X-Download-Options:
      - noopen
      X-Ep-Request-Uuid:
      - 6ae239336830d6bee787d5c800992938
      X-Frame-Options:
      - SAMEORIGIN
      X-Node:
      - bigweb33nuq
      X-Permitted-Cross-Domain-Policies:
      - none
      X-Proxied:
      - intlb4nuq 668d3fc830
      - extlb2nuq 99aac35317
      X-Runtime:
      - "0.083030"
      X-Version-Label:
      - easypost-202505231841-d89645a184-master
      X-Xss-Protection:
      - 1; mode=block
    status: 200 OK
    code: 200
    duration: ""
- request:
    body: ""
    form: {}
    headers:
      Authorization:
      - REDACTED
      User-Agent:
      - REDACTED
    url: https://api.easypost.com/v2/carrier_accounts/ca_88bef94e6a394ffdbe5565527920b72e
    method: DELETE
  response:
    body: '{}'
    headers:
      Cache-Control:
      - private, no-cache, no-store
      Content-Type:
      - application/json; charset=utf-8
      Expires:
      - "0"
      Pragma:
      - no-cache
      Referrer-Policy:
      - strict-origin-when-cross-origin
      Strict-Transport-Security:
      - max-age=31536000; includeSubDomains; preload
      X-Backend:
      - easypost
      X-Content-Type-Options:
      - nosniff
      X-Download-Options:
      - noopen
      X-Ep-Request-Uuid:
      - 6ae239336830d6bee787d5c800992972
      X-Frame-Options:
      - SAMEORIGIN
      X-Node:
      - bigweb57nuq
      X-Permitted-Cross-Domain-Policies:
      - none
      X-Proxied:
      - intlb3nuq 668d3fc830
      - extlb2nuq 99aac35317
      X-Runtime:
      - "0.065867"
      X-Version-Label:
      - easypost-202505231841-d89645a184-master
      X-Xss-Protection:
      - 1; mode=block
    status: 200 OK
    code: 200
    duration: ""
