---
version: 1
interactions:
- request:
    body: ""
    form: {}
    headers:
      Content-Type:
      - application/x-www-form-urlencoded
      User-Agent:
      - EasyPost/v2 GoClient/1.0.3
    url: https://api.easypost.com/v2/events
    method: GET
  response:
    body: '
      {
        "events": [
          {
            "description": "tracker.updated",
            "mode": "test",
            "previous_attributes": {
              "status": "out_for_delivery"
            },
            "created_at": "2020-06-09T21:00:02.000Z",
            "pending_urls": [],
            "completed_urls": [
              "https://webhook.site/6db0d77f-77bb-48b7-ba65-b3bc141025d0"
            ],
            "updated_at": "2020-06-09T21:00:32.000Z",
            "id": "evt_36940ed69d634b92bfec365705549936",
            "user_id": "user_66bb044575114f29930ae33901f6c9a6",
            "status": "completed",
            "object": "Event"
          },
          {
            "description": "tracker.updated",
            "mode": "test",
            "previous_attributes": {
              "status": "in_transit"
            },
            "created_at": "2020-06-09T20:59:02.000Z",
            "pending_urls": [],
            "completed_urls": [
              "https://webhook.site/6db0d77f-77bb-48b7-ba65-b3bc141025d0"
            ],
            "updated_at": "2020-06-09T20:59:32.000Z",
            "id": "evt_c5fa871c225441b4ac048484ed374f83",
            "user_id": "user_66bb044575114f29930ae33901f6c9a6",
            "status": "completed",
            "object": "Event"
          },
          {
            "description": "tracker.updated",
            "mode": "test",
            "previous_attributes": {
              "status": "pre_transit"
            },
            "created_at": "2020-06-09T20:58:01.000Z",
            "pending_urls": [],
            "completed_urls": [
              "https://webhook.site/6db0d77f-77bb-48b7-ba65-b3bc141025d0"
            ],
            "updated_at": "2020-06-09T20:58:32.000Z",
            "id": "evt_dc4939b6785c49f9acc14f32780af52a",
            "user_id": "user_66bb044575114f29930ae33901f6c9a6",
            "status": "completed",
            "object": "Event"
          },
          {
            "description": "tracker.updated",
            "mode": "test",
            "previous_attributes": {
              "status": "unknown"
            },
            "created_at": "2020-06-09T20:57:01.000Z",
            "pending_urls": [],
            "completed_urls": [
              "https://webhook.site/6db0d77f-77bb-48b7-ba65-b3bc141025d0"
            ],
            "updated_at": "2020-06-09T20:57:32.000Z",
            "id": "evt_762eded480254931a1035c88c2a84bba",
            "user_id": "user_66bb044575114f29930ae33901f6c9a6",
            "status": "completed",
            "object": "Event"
          },
          {
            "description": "tracker.created",
            "mode": "test",
            "previous_attributes": null,
            "created_at": "2020-06-09T20:56:31.000Z",
            "pending_urls": [],
            "completed_urls": [
              "https://webhook.site/6db0d77f-77bb-48b7-ba65-b3bc141025d0"
            ],
            "updated_at": "2020-06-09T20:57:02.000Z",
            "id": "evt_92f027e67c5446a69ed4496401820d8e",
            "user_id": "user_66bb044575114f29930ae33901f6c9a6",
            "status": "completed",
            "object": "Event"
          },
          {
            "description": "refund.successful",
            "mode": "test",
            "previous_attributes": null,
            "created_at": "2020-06-09T15:54:07.000Z",
            "pending_urls": [],
            "completed_urls": [
              "https://webhook.site/6db0d77f-77bb-48b7-ba65-b3bc141025d0"
            ],
            "updated_at": "2020-06-09T21:10:30.000Z",
            "id": "evt_8dab6a095ace4d01a90d393f37447ea2",
            "user_id": "user_66bb044575114f29930ae33901f6c9a6",
            "status": "completed",
            "object": "Event"
          },
          {
            "description": "payment.failed",
            "mode": "test",
            "previous_attributes": null,
            "created_at": "2020-06-09T21:15:53.000Z",
            "pending_urls": [],
            "completed_urls": [
              "https://webhook.site/6db0d77f-77bb-48b7-ba65-b3bc141025d0"
            ],
            "updated_at": "2020-06-09T21:16:28.000Z",
            "id": "evt_0b576769da9c416295ed6ed934e4c8bd",
            "user_id": "user_66bb044575114f29930ae33901f6c9a6",
            "status": "completed",
            "object": "Event"
          }
        ],
        "has_more": false
      }
    '
    headers:
      Cache-Control:
      - no-cache, no-store, must-revalidate, private
      Content-Type:
      - application/json; charset=utf-8
      Expires:
      - "0"
      Pragma:
      - no-cache
      Strict-Transport-Security:
      - max-age=15768000; includeSubDomains; preload
      X-Backend:
      - easypost
      X-Content-Type-Options:
      - nosniff
      X-Ep-Request-Uuid:
      - cc3597b95ee000a4ec54aa090002a542
      X-Frame-Options:
      - SAMEORIGIN
      X-Node:
      - bigweb9sj
      X-Proxied:
      - intlb1sj a38b562602
      - extlb1sj 5834894b53
      X-Runtime:
      - "0.044446"
      X-Version-Label:
      - easypost-202006091919-12f0b90a2e-master
      X-Xss-Protection:
      - 1; mode=block
    status: 200 OK
    code: 200
    duration: ""
- request:
    body: ""
    form: {}
    headers:
      User-Agent:
      - EasyPost/v2 GoClient/1.0.3
    url: https://api.easypost.com/v2/events/evt_36940ed69d634b92bfec365705549936/payloads
    method: GET
  response:
    body: '
      {
        "payloads": [
          {
            "id": "payload_f6dc012918e54e2ca1f3808f0f811145",
            "object": "Payload",
            "created_at": "2020-06-09T21:00:32Z",
            "updated_at": "2020-06-09T21:00:32Z",
            "request_url": "https://webhook.site/6db0d77f-77bb-48b7-ba65-b3bc141025d0",
            "request_headers": {
              "User-Agent": "EasyPost WebHook Agent 1.0",
              "Content-Type": "application/json",
              "Connection": "close",
              "Expect": "",
              "X-Webhook-User-Id": "user_66bb044575114f29930ae33901f6c9a6"
            },
            "request_body": "{\"description\":\"tracker.updated\",\"mode\":\"test\",\"previous_attributes\":{\"status\":\"out_for_delivery\"},\"created_at\":\"2020-06-09T21:00:02.000Z\",\"pending_urls\":[\"https://webhook.site/6db0d77f-77bb-48b7-ba65-b3bc141025d0\"],\"completed_urls\":[],\"updated_at\":\"2020-06-09T21:00:02.000Z\",\"id\":\"evt_36940ed69d634b92bfec365705549936\",\"user_id\":\"user_66bb044575114f29930ae33901f6c9a6\",\"status\":\"pending\",\"object\":\"Event\",\"result\":{\"id\":\"trk_9508c8ccb51f4eb4aa276957fcc9c923\",\"user_id\":599470,\"object\":\"Tracker\",\"mode\":\"test\",\"tracking_code\":\"9470100897846040813025\",\"status\":\"delivered\",\"status_detail\":\"arrived_at_destination\",\"created_at\":\"2020-06-09T20:56:01Z\",\"updated_at\":\"2020-06-09T20:59:02Z\",\"signed_by\":\"John
                            Tester\",\"weight\":null,\"est_delivery_date\":\"2020-06-09T20:59:02Z\",\"shipment_id\":\"shp_88374a87390c49dabd536fad7b9714d6\",\"carrier\":\"USPS\",\"tracking_details\":[{\"object\":\"TrackingDetail\",\"message\":\"Pre-Shipment
                            Info Sent to USPS\",\"description\":null,\"status\":\"pre_transit\",\"status_detail\":\"status_update\",\"datetime\":\"2020-05-09T20:59:02Z\",\"source\":\"USPS\",\"carrier_code\":null,\"tracking_location\":{\"object\":\"TrackingLocation\",\"city\":null,\"state\":null,\"country\":null,\"zip\":null}},{\"object\":\"TrackingDetail\",\"message\":\"Shipping
                            Label Created\",\"description\":null,\"status\":\"pre_transit\",\"status_detail\":\"status_update\",\"datetime\":\"2020-05-10T09:36:02Z\",\"source\":\"USPS\",\"carrier_code\":null,\"tracking_location\":{\"object\":\"TrackingLocation\",\"city\":\"HOUSTON\",\"state\":\"TX\",\"country\":null,\"zip\":\"77063\"}},{\"object\":\"TrackingDetail\",\"message\":\"Arrived
                            at USPS Origin Facility\",\"description\":null,\"status\":\"in_transit\",\"status_detail\":\"arrived_at_facility\",\"datetime\":\"2020-05-10T19:41:02Z\",\"source\":\"USPS\",\"carrier_code\":null,\"tracking_location\":{\"object\":\"TrackingLocation\",\"city\":\"NORTH
                            HOUSTON\",\"state\":\"TX\",\"country\":null,\"zip\":\"77315\"}},{\"object\":\"TrackingDetail\",\"message\":\"Arrived
                            at USPS Facility\",\"description\":null,\"status\":\"in_transit\",\"status_detail\":\"arrived_at_facility\",\"datetime\":\"2020-05-11T21:17:02Z\",\"source\":\"USPS\",\"carrier_code\":null,\"tracking_location\":{\"object\":\"TrackingLocation\",\"city\":\"COLUMBIA\",\"state\":\"SC\",\"country\":null,\"zip\":\"29201\"}},{\"object\":\"TrackingDetail\",\"message\":\"Arrived
                            at Post Office\",\"description\":null,\"status\":\"in_transit\",\"status_detail\":\"arrived_at_facility\",\"datetime\":\"2020-05-12T00:08:02Z\",\"source\":\"USPS\",\"carrier_code\":null,\"tracking_location\":{\"object\":\"TrackingLocation\",\"city\":\"CHARLESTON\",\"state\":\"SC\",\"country\":null,\"zip\":\"29407\"}},{\"object\":\"TrackingDetail\",\"message\":\"Sorting
                            Complete\",\"description\":null,\"status\":\"in_transit\",\"status_detail\":\"status_update\",\"datetime\":\"2020-05-12T05:48:02Z\",\"source\":\"USPS\",\"carrier_code\":null,\"tracking_location\":{\"object\":\"TrackingLocation\",\"city\":\"CHARLESTON\",\"state\":\"SC\",\"country\":null,\"zip\":\"29407\"}},{\"object\":\"TrackingDetail\",\"message\":\"Out
                            for Delivery\",\"description\":null,\"status\":\"out_for_delivery\",\"status_detail\":\"out_for_delivery\",\"datetime\":\"2020-05-12T05:58:02Z\",\"source\":\"USPS\",\"carrier_code\":null,\"tracking_location\":{\"object\":\"TrackingLocation\",\"city\":\"CHARLESTON\",\"state\":\"SC\",\"country\":null,\"zip\":\"29407\"}},{\"object\":\"TrackingDetail\",\"message\":\"Delivered\",\"description\":null,\"status\":\"delivered\",\"status_detail\":\"arrived_at_destination\",\"datetime\":\"2020-05-12T10:50:02Z\",\"source\":\"USPS\",\"carrier_code\":null,\"tracking_location\":{\"object\":\"TrackingLocation\",\"city\":\"CHARLESTON\",\"state\":\"SC\",\"country\":null,\"zip\":\"29407\"}}],\"carrier_detail\":{\"object\":\"CarrierDetail\",\"service\":\"First-Class
                            Package Service\",\"container_type\":null,\"est_delivery_date_local\":null,\"est_delivery_time_local\":null,\"origin_location\":\"HOUSTON
                            TX, 77001\",\"origin_tracking_location\":{\"object\":\"TrackingLocation\",\"city\":\"NORTH
                            HOUSTON\",\"state\":\"TX\",\"country\":null,\"zip\":\"77315\"},\"destination_location\":\"CHARLESTON
                            SC, 29401\",\"destination_tracking_location\":{\"object\":\"TrackingLocation\",\"city\":\"CHARLESTON\",\"state\":\"SC\",\"country\":null,\"zip\":\"29407\"},\"guaranteed_delivery_date\":null,\"alternate_identifier\":null,\"initial_delivery_attempt\":\"2020-05-12T10:50:02Z\"},\"finalized\":true,\"is_return\":false,\"public_url\":\"https://track.easypost.com/djE6dHJrXzk1MDhjOGNjYjUxZjRlYjRhYTI3Njk1N2ZjYzljOTIz\"}}",
            "response_headers": {
              "Server": "nginx/1.14.2",
              "Content-Type": "text/plain; charset=UTF-8",
              "Transfer-Encoding": "chunked",
              "Connection": "close",
              "Vary": "Accept-Encoding",
              "X-Request-Id": "74fd5238-ea6b-4be1-a263-b7b81887a4c0",
              "X-Token-Id": "6db0d77f-77bb-48b7-ba65-b3bc141025d0",
              "Cache-Control": "no-cache, private",
              "Date": "Tue, 09 Jun 2020 21:00:32 GMT",
              "Set-Cookie": "laravel_session=GtLus0oOB0qQY5C3AwnTb5hYC4ZlDNgsbn092nJ9; expires=Tue, 09-Jun-2020 23:00:32 GMT; Max-Age=7200; path=/; httponly",
              "X-Faraday-Runtime": "652.5"
            },
            "response_body": null,
            "response_code": 200,
            "total_time": 652
          }
        ]
      }
    '
    headers:
      Cache-Control:
      - no-cache, no-store, must-revalidate, private
      Content-Type:
      - application/json; charset=utf-8
      Expires:
      - "0"
      Pragma:
      - no-cache
      Strict-Transport-Security:
      - max-age=15768000; includeSubDomains; preload
      X-Backend:
      - easypost
      X-Content-Type-Options:
      - nosniff
      X-Ep-Request-Uuid:
      - cc3597b95ee000a4ec54aa090002a545
      X-Frame-Options:
      - SAMEORIGIN
      X-Node:
      - bigweb10sj
      X-Proxied:
      - intlb2sj a38b562602
      - extlb1sj 5834894b53
      X-Runtime:
      - "0.055001"
      X-Version-Label:
      - easypost-202006091919-12f0b90a2e-master
      X-Xss-Protection:
      - 1; mode=block
    status: 200 OK
    code: 200
    duration: ""
- request:
    body: ""
    form: {}
    headers:
      User-Agent:
      - EasyPost/v2 GoClient/1.0.3
    url: https://api.easypost.com/v2/events/evt_c5fa871c225441b4ac048484ed374f83/payloads
    method: GET
  response:
    body: '
      {
        "payloads": [
          {
            "id": "payload_cc04edc39ce540869c6ca24504d76653",
            "object": "Payload",
            "created_at": "2020-06-09T20:59:32Z",
            "updated_at": "2020-06-09T20:59:32Z",
            "request_url": "https://webhook.site/6db0d77f-77bb-48b7-ba65-b3bc141025d0",
            "request_headers": {
              "User-Agent": "EasyPost WebHook Agent 1.0",
              "Content-Type": "application/json",
              "Connection": "close",
              "Expect": "",
              "X-Webhook-User-Id": "user_66bb044575114f29930ae33901f6c9a6"
            },
            "request_body": "{\"description\":\"tracker.updated\",\"mode\":\"test\",\"previous_attributes\":{\"status\":\"in_transit\"},\"created_at\":\"2020-06-09T20:59:02.000Z\",\"pending_urls\":[\"https://webhook.site/6db0d77f-77bb-48b7-ba65-b3bc141025d0\"],\"completed_urls\":[],\"updated_at\":\"2020-06-09T20:59:02.000Z\",\"id\":\"evt_c5fa871c225441b4ac048484ed374f83\",\"user_id\":\"user_66bb044575114f29930ae33901f6c9a6\",\"status\":\"pending\",\"object\":\"Event\",\"result\":{\"id\":\"trk_9508c8ccb51f4eb4aa276957fcc9c923\",\"user_id\":599470,\"object\":\"Tracker\",\"mode\":\"test\",\"tracking_code\":\"9470100897846040813025\",\"status\":\"out_for_delivery\",\"status_detail\":\"out_for_delivery\",\"created_at\":\"2020-06-09T20:56:01Z\",\"updated_at\":\"2020-06-09T20:58:01Z\",\"signed_by\":null,\"weight\":null,\"est_delivery_date\":\"2020-06-09T20:58:01Z\",\"shipment_id\":\"shp_88374a87390c49dabd536fad7b9714d6\",\"carrier\":\"USPS\",\"tracking_details\":[{\"object\":\"TrackingDetail\",\"message\":\"Pre-Shipment
                            Info Sent to USPS\",\"description\":null,\"status\":\"pre_transit\",\"status_detail\":\"status_update\",\"datetime\":\"2020-05-09T20:58:01Z\",\"source\":\"USPS\",\"carrier_code\":null,\"tracking_location\":{\"object\":\"TrackingLocation\",\"city\":null,\"state\":null,\"country\":null,\"zip\":null}},{\"object\":\"TrackingDetail\",\"message\":\"Shipping
                            Label Created\",\"description\":null,\"status\":\"pre_transit\",\"status_detail\":\"status_update\",\"datetime\":\"2020-05-10T09:35:01Z\",\"source\":\"USPS\",\"carrier_code\":null,\"tracking_location\":{\"object\":\"TrackingLocation\",\"city\":\"HOUSTON\",\"state\":\"TX\",\"country\":null,\"zip\":\"77063\"}},{\"object\":\"TrackingDetail\",\"message\":\"Arrived
                            at USPS Origin Facility\",\"description\":null,\"status\":\"in_transit\",\"status_detail\":\"arrived_at_facility\",\"datetime\":\"2020-05-10T19:40:01Z\",\"source\":\"USPS\",\"carrier_code\":null,\"tracking_location\":{\"object\":\"TrackingLocation\",\"city\":\"NORTH
                            HOUSTON\",\"state\":\"TX\",\"country\":null,\"zip\":\"77315\"}},{\"object\":\"TrackingDetail\",\"message\":\"Arrived
                            at USPS Facility\",\"description\":null,\"status\":\"in_transit\",\"status_detail\":\"arrived_at_facility\",\"datetime\":\"2020-05-11T21:16:01Z\",\"source\":\"USPS\",\"carrier_code\":null,\"tracking_location\":{\"object\":\"TrackingLocation\",\"city\":\"COLUMBIA\",\"state\":\"SC\",\"country\":null,\"zip\":\"29201\"}},{\"object\":\"TrackingDetail\",\"message\":\"Arrived
                            at Post Office\",\"description\":null,\"status\":\"in_transit\",\"status_detail\":\"arrived_at_facility\",\"datetime\":\"2020-05-12T00:07:01Z\",\"source\":\"USPS\",\"carrier_code\":null,\"tracking_location\":{\"object\":\"TrackingLocation\",\"city\":\"CHARLESTON\",\"state\":\"SC\",\"country\":null,\"zip\":\"29407\"}},{\"object\":\"TrackingDetail\",\"message\":\"Sorting
                            Complete\",\"description\":null,\"status\":\"in_transit\",\"status_detail\":\"status_update\",\"datetime\":\"2020-05-12T05:47:01Z\",\"source\":\"USPS\",\"carrier_code\":null,\"tracking_location\":{\"object\":\"TrackingLocation\",\"city\":\"CHARLESTON\",\"state\":\"SC\",\"country\":null,\"zip\":\"29407\"}},{\"object\":\"TrackingDetail\",\"message\":\"Out
                            for Delivery\",\"description\":null,\"status\":\"out_for_delivery\",\"status_detail\":\"out_for_delivery\",\"datetime\":\"2020-05-12T05:57:01Z\",\"source\":\"USPS\",\"carrier_code\":null,\"tracking_location\":{\"object\":\"TrackingLocation\",\"city\":\"CHARLESTON\",\"state\":\"SC\",\"country\":null,\"zip\":\"29407\"}}],\"carrier_detail\":{\"object\":\"CarrierDetail\",\"service\":\"First-Class
                            Package Service\",\"container_type\":null,\"est_delivery_date_local\":null,\"est_delivery_time_local\":null,\"origin_location\":\"HOUSTON
                            TX, 77001\",\"origin_tracking_location\":{\"object\":\"TrackingLocation\",\"city\":\"NORTH
                            HOUSTON\",\"state\":\"TX\",\"country\":null,\"zip\":\"77315\"},\"destination_location\":\"CHARLESTON
                            SC, 29401\",\"destination_tracking_location\":null,\"guaranteed_delivery_date\":null,\"alternate_identifier\":null,\"initial_delivery_attempt\":null},\"finalized\":true,\"is_return\":false,\"public_url\":\"https://track.easypost.com/djE6dHJrXzk1MDhjOGNjYjUxZjRlYjRhYTI3Njk1N2ZjYzljOTIz\"}}",
            "response_headers": {
              "Server": "nginx/1.14.2",
              "Content-Type": "text/plain; charset=UTF-8",
              "Transfer-Encoding": "chunked",
              "Connection": "close",
              "Vary": "Accept-Encoding",
              "X-Request-Id": "de1b3e24-cae3-4483-bbdd-c11f4a92595e",
              "X-Token-Id": "6db0d77f-77bb-48b7-ba65-b3bc141025d0",
              "Cache-Control": "no-cache, private",
              "Date": "Tue, 09 Jun 2020 20:59:32 GMT",
              "Set-Cookie": "laravel_session=8ov93bSID3j1n1YGWEQ4CsNGdn2caziD8UhABG1X; expires=Tue, 09-Jun-2020 22:59:32 GMT; Max-Age=7200; path=/; httponly",
              "X-Faraday-Runtime": "653.7"
            },
            "response_body": null,
            "response_code": 200,
            "total_time": 653
          }
        ]
      }
    '
    headers:
      Cache-Control:
      - no-cache, no-store, must-revalidate, private
      Content-Type:
      - application/json; charset=utf-8
      Expires:
      - "0"
      Pragma:
      - no-cache
      Strict-Transport-Security:
      - max-age=15768000; includeSubDomains; preload
      X-Backend:
      - easypost
      X-Content-Type-Options:
      - nosniff
      X-Ep-Request-Uuid:
      - cc3597b95ee000a4ec54aa090002a54b
      X-Frame-Options:
      - SAMEORIGIN
      X-Node:
      - bigweb8sj
      X-Proxied:
      - intlb2sj a38b562602
      - extlb1sj 5834894b53
      X-Runtime:
      - "0.041621"
      X-Version-Label:
      - easypost-202006091919-12f0b90a2e-master
      X-Xss-Protection:
      - 1; mode=block
    status: 200 OK
    code: 200
    duration: ""
- request:
    body: ""
    form: {}
    headers:
      User-Agent:
      - EasyPost/v2 GoClient/1.0.3
    url: https://api.easypost.com/v2/events/evt_dc4939b6785c49f9acc14f32780af52a/payloads
    method: GET
  response:
    body: '
      {
        "payloads": [
          {
            "id": "payload_eb14c708d31b48ca99bb532e597f18b1",
            "object": "Payload",
            "created_at": "2020-06-09T20:58:32Z",
            "updated_at": "2020-06-09T20:58:32Z",
            "request_url": "https://webhook.site/6db0d77f-77bb-48b7-ba65-b3bc141025d0",
            "request_headers": {
              "User-Agent": "EasyPost WebHook Agent 1.0",
              "Content-Type": "application/json",
              "Connection": "close",
              "Expect": "",
              "X-Webhook-User-Id": "user_66bb044575114f29930ae33901f6c9a6"
            },
            "request_body": "{\"description\":\"tracker.updated\",\"mode\":\"test\",\"previous_attributes\":{\"status\":\"pre_transit\"},\"created_at\":\"2020-06-09T20:58:01.000Z\",\"pending_urls\":[\"https://webhook.site/6db0d77f-77bb-48b7-ba65-b3bc141025d0\"],\"completed_urls\":[],\"updated_at\":\"2020-06-09T20:58:01.000Z\",\"id\":\"evt_dc4939b6785c49f9acc14f32780af52a\",\"user_id\":\"user_66bb044575114f29930ae33901f6c9a6\",\"status\":\"pending\",\"object\":\"Event\",\"result\":{\"id\":\"trk_9508c8ccb51f4eb4aa276957fcc9c923\",\"user_id\":599470,\"object\":\"Tracker\",\"mode\":\"test\",\"tracking_code\":\"9470100897846040813025\",\"status\":\"in_transit\",\"status_detail\":\"status_update\",\"created_at\":\"2020-06-09T20:56:01Z\",\"updated_at\":\"2020-06-09T20:57:01Z\",\"signed_by\":null,\"weight\":null,\"est_delivery_date\":\"2020-06-09T20:57:01Z\",\"shipment_id\":\"shp_88374a87390c49dabd536fad7b9714d6\",\"carrier\":\"USPS\",\"tracking_details\":[{\"object\":\"TrackingDetail\",\"message\":\"Pre-Shipment
                            Info Sent to USPS\",\"description\":null,\"status\":\"pre_transit\",\"status_detail\":\"status_update\",\"datetime\":\"2020-05-09T20:57:01Z\",\"source\":\"USPS\",\"carrier_code\":null,\"tracking_location\":{\"object\":\"TrackingLocation\",\"city\":null,\"state\":null,\"country\":null,\"zip\":null}},{\"object\":\"TrackingDetail\",\"message\":\"Shipping
                            Label Created\",\"description\":null,\"status\":\"pre_transit\",\"status_detail\":\"status_update\",\"datetime\":\"2020-05-10T09:34:01Z\",\"source\":\"USPS\",\"carrier_code\":null,\"tracking_location\":{\"object\":\"TrackingLocation\",\"city\":\"HOUSTON\",\"state\":\"TX\",\"country\":null,\"zip\":\"77063\"}},{\"object\":\"TrackingDetail\",\"message\":\"Arrived
                            at USPS Origin Facility\",\"description\":null,\"status\":\"in_transit\",\"status_detail\":\"arrived_at_facility\",\"datetime\":\"2020-05-10T19:39:01Z\",\"source\":\"USPS\",\"carrier_code\":null,\"tracking_location\":{\"object\":\"TrackingLocation\",\"city\":\"NORTH
                            HOUSTON\",\"state\":\"TX\",\"country\":null,\"zip\":\"77315\"}},{\"object\":\"TrackingDetail\",\"message\":\"Arrived
                            at USPS Facility\",\"description\":null,\"status\":\"in_transit\",\"status_detail\":\"arrived_at_facility\",\"datetime\":\"2020-05-11T21:15:01Z\",\"source\":\"USPS\",\"carrier_code\":null,\"tracking_location\":{\"object\":\"TrackingLocation\",\"city\":\"COLUMBIA\",\"state\":\"SC\",\"country\":null,\"zip\":\"29201\"}},{\"object\":\"TrackingDetail\",\"message\":\"Arrived
                            at Post Office\",\"description\":null,\"status\":\"in_transit\",\"status_detail\":\"arrived_at_facility\",\"datetime\":\"2020-05-12T00:06:01Z\",\"source\":\"USPS\",\"carrier_code\":null,\"tracking_location\":{\"object\":\"TrackingLocation\",\"city\":\"CHARLESTON\",\"state\":\"SC\",\"country\":null,\"zip\":\"29407\"}},{\"object\":\"TrackingDetail\",\"message\":\"Sorting
                            Complete\",\"description\":null,\"status\":\"in_transit\",\"status_detail\":\"status_update\",\"datetime\":\"2020-05-12T05:46:01Z\",\"source\":\"USPS\",\"carrier_code\":null,\"tracking_location\":{\"object\":\"TrackingLocation\",\"city\":\"CHARLESTON\",\"state\":\"SC\",\"country\":null,\"zip\":\"29407\"}}],\"carrier_detail\":{\"object\":\"CarrierDetail\",\"service\":\"First-Class
                            Package Service\",\"container_type\":null,\"est_delivery_date_local\":null,\"est_delivery_time_local\":null,\"origin_location\":\"HOUSTON
                            TX, 77001\",\"origin_tracking_location\":{\"object\":\"TrackingLocation\",\"city\":\"NORTH
                            HOUSTON\",\"state\":\"TX\",\"country\":null,\"zip\":\"77315\"},\"destination_location\":\"CHARLESTON
                            SC, 29401\",\"destination_tracking_location\":null,\"guaranteed_delivery_date\":null,\"alternate_identifier\":null,\"initial_delivery_attempt\":null},\"finalized\":true,\"is_return\":false,\"public_url\":\"https://track.easypost.com/djE6dHJrXzk1MDhjOGNjYjUxZjRlYjRhYTI3Njk1N2ZjYzljOTIz\"}}",
            "response_headers": {
              "Server": "nginx/1.14.2",
              "Content-Type": "text/plain; charset=UTF-8",
              "Transfer-Encoding": "chunked",
              "Connection": "close",
              "Vary": "Accept-Encoding",
              "X-Request-Id": "d20c28a0-33a5-4e43-95a6-a40e19b8e909",
              "X-Token-Id": "6db0d77f-77bb-48b7-ba65-b3bc141025d0",
              "Cache-Control": "no-cache, private",
              "Date": "Tue, 09 Jun 2020 20:58:32 GMT",
              "Set-Cookie": "laravel_session=jyF5vJeTf9edzpG9lDSmqtNE7mRFPr8Y2vJpgzaX; expires=Tue, 09-Jun-2020 22:58:32 GMT; Max-Age=7200; path=/; httponly",
              "X-Faraday-Runtime": "644.31"
            },
            "response_body": null,
            "response_code": 200,
            "total_time": 644
          }
        ]
      }
    '
    headers:
      Cache-Control:
      - no-cache, no-store, must-revalidate, private
      Content-Type:
      - application/json; charset=utf-8
      Expires:
      - "0"
      Pragma:
      - no-cache
      Strict-Transport-Security:
      - max-age=15768000; includeSubDomains; preload
      X-Backend:
      - easypost
      X-Content-Type-Options:
      - nosniff
      X-Ep-Request-Uuid:
      - cc3597b95ee000a4ec54aa090002a559
      X-Frame-Options:
      - SAMEORIGIN
      X-Node:
      - bigweb10sj
      X-Proxied:
      - intlb1sj a38b562602
      - extlb1sj 5834894b53
      X-Runtime:
      - "0.043679"
      X-Version-Label:
      - easypost-202006091919-12f0b90a2e-master
      X-Xss-Protection:
      - 1; mode=block
    status: 200 OK
    code: 200
    duration: ""
- request:
    body: ""
    form: {}
    headers:
      User-Agent:
      - EasyPost/v2 GoClient/1.0.3
    url: https://api.easypost.com/v2/events/evt_762eded480254931a1035c88c2a84bba/payloads
    method: GET
  response:
    body: '
      {
        "payloads": [
          {
            "id": "payload_7ded9e0b34d648f3bb4f0cca4aa4202e",
            "object": "Payload",
            "created_at": "2020-06-09T20:57:32Z",
            "updated_at": "2020-06-09T20:57:32Z",
            "request_url": "https://webhook.site/6db0d77f-77bb-48b7-ba65-b3bc141025d0",
            "request_headers": {
              "User-Agent":" EasyPost WebHook Agent 1.0",
              "Content-Type": "application/json",
              "Connection": "close",
              "Expect": "",
              "X-Webhook-User-Id": "user_66bb044575114f29930ae33901f6c9a6"
            },
            "request_body": "{\"description\":\"tracker.updated\",\"mode\":\"test\",\"previous_attributes\":{\"status\":\"unknown\"},\"created_at\":\"2020-06-09T20:57:01.000Z\",\"pending_urls\":[\"https://webhook.site/6db0d77f-77bb-48b7-ba65-b3bc141025d0\"],\"completed_urls\":[],\"updated_at\":\"2020-06-09T20:57:01.000Z\",\"id\":\"evt_762eded480254931a1035c88c2a84bba\",\"user_id\":\"user_66bb044575114f29930ae33901f6c9a6\",\"status\":\"pending\",\"object\":\"Event\",\"result\":{\"id\":\"trk_9508c8ccb51f4eb4aa276957fcc9c923\",\"user_id\":599470,\"object\":\"Tracker\",\"mode\":\"test\",\"tracking_code\":\"9470100897846040813025\",\"status\":\"pre_transit\",\"status_detail\":\"status_update\",\"created_at\":\"2020-06-09T20:56:01Z\",\"updated_at\":\"2020-06-09T20:56:01Z\",\"signed_by\":null,\"weight\":null,\"est_delivery_date\":\"2020-06-09T20:56:01Z\",\"shipment_id\":\"shp_88374a87390c49dabd536fad7b9714d6\",\"carrier\":\"USPS\",\"tracking_details\":[{\"object\":\"TrackingDetail\",\"message\":\"Pre-Shipment
                            Info Sent to USPS\",\"description\":null,\"status\":\"pre_transit\",\"status_detail\":\"status_update\",\"datetime\":\"2020-05-09T20:56:01Z\",\"source\":\"USPS\",\"carrier_code\":null,\"tracking_location\":{\"object\":\"TrackingLocation\",\"city\":null,\"state\":null,\"country\":null,\"zip\":null}},{\"object\":\"TrackingDetail\",\"message\":\"Shipping
                            Label Created\",\"description\":null,\"status\":\"pre_transit\",\"status_detail\":\"status_update\",\"datetime\":\"2020-05-10T09:33:01Z\",\"source\":\"USPS\",\"carrier_code\":null,\"tracking_location\":{\"object\":\"TrackingLocation\",\"city\":\"HOUSTON\",\"state\":\"TX\",\"country\":null,\"zip\":\"77063\"}}],\"carrier_detail\":{\"object\":\"CarrierDetail\",\"service\":\"First-Class
                            Package Service\",\"container_type\":null,\"est_delivery_date_local\":null,\"est_delivery_time_local\":null,\"origin_location\":\"HOUSTON
                            TX, 77001\",\"origin_tracking_location\":{\"object\":\"TrackingLocation\",\"city\":\"HOUSTON\",\"state\":\"TX\",\"country\":null,\"zip\":\"77063\"},\"destination_location\":\"CHARLESTON
                            SC, 29401\",\"destination_tracking_location\":null,\"guaranteed_delivery_date\":null,\"alternate_identifier\":null,\"initial_delivery_attempt\":null},\"finalized\":true,\"is_return\":false,\"public_url\":\"https://track.easypost.com/djE6dHJrXzk1MDhjOGNjYjUxZjRlYjRhYTI3Njk1N2ZjYzljOTIz\"}}",
            "response_headers": {
              "Server": "nginx/1.14.2",
              "Content-Type": "text/plain; charset=UTF-8",
              "Transfer-Encoding": "chunked",
              "Connection": "close",
              "Vary": "Accept-Encoding",
              "X-Request-Id": "545dd686-62bc-4306-9251-992068b1f4ec",
              "X-Token-Id": "6db0d77f-77bb-48b7-ba65-b3bc141025d0",
              "Cache-Control" :"no-cache, private",
              "Date": "Tue, 09 Jun 2020 20:57:32 GMT",
              "Set-Cookie": "laravel_session=FPTtlh1gp0BAwJgMuw9mx2buUqvaYB8dYRdYDTar; expires=Tue, 09-Jun-2020 22:57:32 GMT; Max-Age=7200; path=/; httponly",
              "X-Faraday-Runtime": "648.06"
            },
            "response_body": null,
            "response_code": 200,
            "total_time": 648
          }
        ]
      }
    '
    headers:
      Cache-Control:
      - no-cache, no-store, must-revalidate, private
      Content-Type:
      - application/json; charset=utf-8
      Expires:
      - "0"
      Pragma:
      - no-cache
      Strict-Transport-Security:
      - max-age=15768000; includeSubDomains; preload
      X-Backend:
      - easypost
      X-Content-Type-Options:
      - nosniff
      X-Ep-Request-Uuid:
      - cc3597b95ee000a4ec54aa090002a561
      X-Frame-Options:
      - SAMEORIGIN
      X-Node:
      - bigweb6sj
      X-Proxied:
      - intlb2sj a38b562602
      - extlb1sj 5834894b53
      X-Runtime:
      - "0.045900"
      X-Version-Label:
      - easypost-202006091919-12f0b90a2e-master
      X-Xss-Protection:
      - 1; mode=block
    status: 200 OK
    code: 200
    duration: ""
- request:
    body: ""
    form: {}
    headers:
      User-Agent:
      - EasyPost/v2 GoClient/1.0.3
    url: https://api.easypost.com/v2/events/evt_92f027e67c5446a69ed4496401820d8e/payloads
    method: GET
  response:
    body: '
      {
        "payloads": [
          {
            "id": "payload_19ade9c8ccc34a27b286668d9a698660",
            "object": "Payload",
            "created_at": "2020-06-09T20:57:02Z",
            "updated_at": "2020-06-09T20:57:02Z",
            "request_url": "https://webhook.site/6db0d77f-77bb-48b7-ba65-b3bc141025d0",
            "request_headers": {
              "User-Agent":"EasyPost WebHook Agent 1.0",
              "Content-Type": "application/json",
              "Connection": "close",
              "Expect": "",
              "X-Webhook-User-Id": "user_66bb044575114f29930ae33901f6c9a6"
            },
            "request_body": "{\"description\":\"tracker.created\",\"mode\":\"test\",\"previous_attributes\":{},\"created_at\":\"2020-06-09T20:56:31.000Z\",\"pending_urls\":[\"https://webhook.site/6db0d77f-77bb-48b7-ba65-b3bc141025d0\"],\"completed_urls\":[],\"updated_at\":\"2020-06-09T20:56:31.000Z\",\"id\":\"evt_8dab6a095ace4d01a90d393f37447ea2\",\"user_id\":\"user_66bb044575114f29930ae33901f6c9a6\",\"status\":\"pending\",\"object\":\"Event\",\"result\":{\"id\":\"trk_9508c8ccb51f4eb4aa276957fcc9c923\",\"user_id\":599470,\"object\":\"Tracker\",\"mode\":\"test\",\"tracking_code\":\"9470100897846040813025\",\"status\":\"pre_transit\",\"status_detail\":\"status_update\",\"created_at\":\"2020-06-09T20:56:01Z\",\"updated_at\":\"2020-06-09T20:56:01Z\",\"signed_by\":null,\"weight\":null,\"est_delivery_date\":\"2020-06-09T20:56:01Z\",\"shipment_id\":\"shp_88374a87390c49dabd536fad7b9714d6\",\"carrier\":\"USPS\",\"tracking_details\":[{\"object\":\"TrackingDetail\",\"message\":\"Pre-Shipment
                            Info Sent to USPS\",\"description\":null,\"status\":\"pre_transit\",\"status_detail\":\"status_update\",\"datetime\":\"2020-05-09T20:56:01Z\",\"source\":\"USPS\",\"carrier_code\":null,\"tracking_location\":{\"object\":\"TrackingLocation\",\"city\":null,\"state\":null,\"country\":null,\"zip\":null}},{\"object\":\"TrackingDetail\",\"message\":\"Shipping
                            Label Created\",\"description\":null,\"status\":\"pre_transit\",\"status_detail\":\"status_update\",\"datetime\":\"2020-05-10T09:33:01Z\",\"source\":\"USPS\",\"carrier_code\":null,\"tracking_location\":{\"object\":\"TrackingLocation\",\"city\":\"HOUSTON\",\"state\":\"TX\",\"country\":null,\"zip\":\"77063\"}}],\"carrier_detail\":{\"object\":\"CarrierDetail\",\"service\":\"First-Class
                            Package Service\",\"container_type\":null,\"est_delivery_date_local\":null,\"est_delivery_time_local\":null,\"origin_location\":\"HOUSTON
                            TX, 77001\",\"origin_tracking_location\":{\"object\":\"TrackingLocation\",\"city\":\"HOUSTON\",\"state\":\"TX\",\"country\":null,\"zip\":\"77063\"},\"destination_location\":\"CHARLESTON
                            SC, 29401\",\"destination_tracking_location\":null,\"guaranteed_delivery_date\":null,\"alternate_identifier\":null,\"initial_delivery_attempt\":null},\"finalized\":true,\"is_return\":false,\"public_url\":\"https://track.easypost.com/djE6dHJrXzk1MDhjOGNjYjUxZjRlYjRhYTI3Njk1N2ZjYzljOTIz\"}}",
            "response_headers": {
              "Server": "nginx/1.14.2",
              "Content-Type": "text/plain; charset=UTF-8",
              "Transfer-Encoding": "chunked",
              "Connection": "close",
              "Vary": "Accept-Encoding",
              "X-Request-Id": "a70a71e8-f42f-48e9-ae64-566f2f50f2e4",
              "X-Token-Id": "6db0d77f-77bb-48b7-ba65-b3bc141025d0",
              "Cache-Control": "no-cache, private",
              "Date": "Tue, 09 Jun 2020 20:57:02 GMT",
              "Set-Cookie":" laravel_session=oxJ4TCw5cGkvfJMc5jAVdztPI5XWhOGV0i70thaI; expires=Tue, 09-Jun-2020 22:57:02 GMT; Max-Age=7200; path=/; httponly",
              "X-Faraday-Runtime": "636.99"
            },
            "response_body": null,
            "response_code": 200,
            "total_time":636
          }
        ]
      }
    '
    headers:
      Cache-Control:
      - no-cache, no-store, must-revalidate, private
      Content-Type:
      - application/json; charset=utf-8
      Expires:
      - "0"
      Pragma:
      - no-cache
      Strict-Transport-Security:
      - max-age=15768000; includeSubDomains; preload
      X-Backend:
      - easypost
      X-Content-Type-Options:
      - nosniff
      X-Ep-Request-Uuid:
      - cc3597b95ee000a4ec54aa090002a578
      X-Frame-Options:
      - SAMEORIGIN
      X-Node:
      - bigweb8sj
      X-Proxied:
      - intlb1sj a38b562602
      - extlb1sj 5834894b53
      X-Runtime:
      - "0.044723"
      X-Version-Label:
      - easypost-202006091919-12f0b90a2e-master
      X-Xss-Protection:
      - 1; mode=block
    status: 200 OK
    code: 200
    duration: ""
- request:
    body: ""
    form: {}
    headers:
      User-Agent:
      - EasyPost/v2 GoClient/1.0.3
    url: https://api.easypost.com/v2/events/evt_8dab6a095ace4d01a90d393f37447ea2/payloads
    method: GET
  response:
    body: '
      {
        "payloads": [
          {
            "id": "payload_8a26e14a8ecd44c6a446ef88d139d5ae",
            "object": "Payload",
            "created_at": "2020-06-08T21:39:54Z",
            "updated_at": "2020-06-08T21:39:54Z",
            "request_url": "https://webhook.site/6db0d77f-77bb-48b7-ba65-b3bc141025d0",
            "request_headers": {
              "User-Agent": "EasyPost WebHook Agent 1.0",
              "Content-Type": "application/json",
              "Connection": "close",
              "Expect": "",
              "X-Webhook-User-Id": "user_66bb044575114f29930ae33901f6c9a6"
            },
            "request_body": "{\"result\":{\"id\":\"rfnd_c09a2ba9be1a4c03ac6beadabb33097f\",\"object\":\"Refund\",\"created_at\":\"2020-05-25T15:54:02Z\",\"updated_at\":\"2020-06-09T15:54:07Z\",\"tracking_code\":\"1234567890123456789012\",\"confirmation_number\":null,\"status\":\"refunded\",\"carrier\":\"USPS\",\"shipment_id\":\"shp_c637bb9ed55949c58ba7a8286d3d2bae\"},\"description\":\"refund.successful\",\"mode\":\"production\",\"previous_attributes\":null,\"completed_urls\":[\"https://webhook.site/6db0d77f-77bb-48b7-ba65-b3bc141025d0\"],\"user_id\":\"user_66bb044575114f29930ae33901f6c9a6\",\"status\":\"completed\",\"object\":\"Event\",\"id\":\"evt_8dab6a095ace4d01a90d393f37447ea2\"}",
            "response_headers": {
              "Server": "nginx/1.14.2",
              "Content-Type": "text/plain; charset=UTF-8",
              "Transfer-Encoding": "chunked",
              "Connection":" close",
              "Vary": "Accept-Encoding",
              "X-Request-Id": "10c18413-010b-4c05-b891-9d360e88fb63",
              "X-Token-Id":" 6db0d77f-77bb-48b7-ba65-b3bc141025d0",
              "Cache-Control": "no-cache, private",
              "Date": "Mon, 08 Jun 2020 21:39:54 GMT",
              "Set-Cookie": "laravel_session=mHLcf3EXgcSFawoQ8s1wWpTmJDoY6UZTvdahtVGj; expires=Mon, 08-Jun-2020 23:39:54 GMT; Max-Age=7200; path=/; httponly",
              "X-Faraday-Runtime": "652.8"
            },
            "response_body": null,
            "response_code": 200,
            "total_time": 652
          }
        ]
      }
    '
    headers:
      Cache-Control:
      - no-cache, no-store, must-revalidate, private
      Content-Type:
      - application/json; charset=utf-8
      Expires:
      - "0"
      Pragma:
      - no-cache
      Strict-Transport-Security:
      - max-age=15768000; includeSubDomains; preload
      X-Backend:
      - easypost
      X-Content-Type-Options:
      - nosniff
      X-Ep-Request-Uuid:
      - cc3597b95ee000a4ec54aa090002a57f
      X-Frame-Options:
      - SAMEORIGIN
      X-Node:
      - bigweb11sj
      X-Proxied:
      - intlb2sj a38b562602
      - extlb1sj 5834894b53
      X-Runtime:
      - "0.046708"
      X-Version-Label:
      - easypost-202006091919-12f0b90a2e-master
      X-Xss-Protection:
      - 1; mode=block
    status: 200 OK
    code: 200
    duration: ""
- request:
    body: ""
    form: {}
    headers:
      User-Agent:
      - EasyPost/v2 GoClient/1.0.3
    url: https://api.easypost.com/v2/events/evt_0b576769da9c416295ed6ed934e4c8bd/payloads
    method: GET
  response:
    body: '
      {
        "payloads": [
          {
            "id": "payload_9ea65855824940148786bcefc846cfbd",
            "object": "Payload",
            "created_at": "2020-06-08T21:38:53Z",
            "updated_at": "2020-06-08T21:38:53Z",
            "request_url": "https://webhook.site/6db0d77f-77bb-48b7-ba65-b3bc141025d0",
            "request_headers": {
              "User-Agent": "EasyPost WebHook Agent 1.0",
              "Content-Type": "application/json",
              "Connection": "close",
              "Expect": "",
              "X-Webhook-User-Id": "user_66bb044575114f29930ae33901f6c9a6"
            },
            "request_body": "eyJyZXN1bHQiOnsiaWQiOiJwYXlsb2dfNDBiYmE3Y2M5ZGJmNDFhM2I4ODEy\nNGRkZmM4MDk4MTQiLCJvYmplY3QiOiJQYXltZW50TG9nIiwic291cmNlX3R5\ncGUiOiJjcmVkaXRfY2FyZCIsInRhcmdldF90eXBlIjoiZWFzeXBvc3Rfc3Ry\naXBlIiwiZGF0ZSI6IjIwMjAtMDYtMDkgMjE6MTU6NTMgVVRDIiwiY2hhcmdl\nX3R5cGUiOiJyZWNoYXJnZSIsInN0YXR1cyI6ImZhaWx1cmUiLCJhbW91bnQi\nOiIxMDAwLjAwMDAwIiwiY3JlYXRlZF9hdCI6IjIwMjAtMDYtMDlUMjE6MTU6\nNTNaIiwidXBkYXRlZF9hdCI6IjIwMjAtMDYtMDlUMjE6MTU6NTNaIiwibGFz\ndDQiOiIxMjM0In0sImRlc2NyaXB0aW9uIjoicGF5bWVudC5mYWlsZWQiLCJt\nb2RlIjoicHJvZHVjdGlvbiIsInByZXZpb3VzX2F0dHJpYnV0ZXMiOm51bGws\nImNvbXBsZXRlZF91cmxzIjpudWxsLCJ1c2VyX2lkIjoidXNlcl82NmJiMDQ0\nNTc1MTE0ZjI5OTMwYWUzMzkwMWY2YzlhNiIsInN0YXR1cyI6InBlbmRpbmci\nLCJvYmplY3QiOiJFdmVudCIsImlkIjoiZXZ0XzBiNTc2NzY5ZGE5YzQxNjI5\nNWVkNmVkOTM0ZTRjOGJkIn0=\n",
            "response_headers": {
              "Server": "nginx/1.14.2",
              "Content-Type": "text/plain; charset=UTF-8",
              "Transfer-Encoding": "chunked",
              "Connection": "close",
              "Vary": "Accept-Encoding",
              "X-Request-Id": "839fb551-711f-47f2-abd6-dd9151fed084",
              "X-Token-Id": "6db0d77f-77bb-48b7-ba65-b3bc141025d0",
              "Cache-Control": "no-cache, private",
              "Date": "Mon, 08 Jun 2020 21:38:53 GMT",
              "Set-Cookie": "laravel_session=EqeCRlkohMZT6Q8Ac87TPlf0OIHfGNWXqfUq6tzb; expires=Mon, 08-Jun-2020 23:38:53 GMT; Max-Age=7200; path=/; httponly",
              "X-Faraday-Runtime": "644.5"
            },
            "response_body" :null,
            "response_code": 200,
            "total_time": 644
          }
        ]
      }
    '
    headers:
      Cache-Control:
      - no-cache, no-store, must-revalidate, private
      Content-Type:
      - application/json; charset=utf-8
      Expires:
      - "0"
      Pragma:
      - no-cache
      Strict-Transport-Security:
      - max-age=15768000; includeSubDomains; preload
      X-Backend:
      - easypost
      X-Content-Type-Options:
      - nosniff
      X-Ep-Request-Uuid:
      - cc3597b95ee000a4ec54aa090002a586
      X-Frame-Options:
      - SAMEORIGIN
      X-Node:
      - bigweb3sj
      X-Proxied:
      - intlb1sj a38b562602
      - extlb1sj 5834894b53
      X-Runtime:
      - "0.105986"
      X-Version-Label:
      - easypost-202006091919-12f0b90a2e-master
      X-Xss-Protection:
      - 1; mode=block
    status: 200 OK
    code: 200
    duration: ""
